
--- Testing Extraction for: Essay_questions.pdf (pdf) ---
SUMMARY RESULT:
python : Traceback (most recent call last):
At line:1 char:1
+ python test_extraction.py > test_output.txt 2>&1
+ ~~~~~~~~~~~~~~~~~~~~~~~~~~~~~~~~~~~~~~~~~~~~~~~~
    + CategoryInfo          : NotSpecified: (Trac 
   eback (most recent call last)::String) [], Re  
  moteException
    + FullyQualifiedErrorId : NativeCommandError
 
  File "C:\Users\dell_\OneDrive\Documents\PS1\astr
amind\backend\test_extraction.py", line 29, in 
<module>
    test_file("Essay_questions.pdf", "pdf")
  File "C:\Users\dell_\OneDrive\Documents\PS1\astr
amind\backend\test_extraction.py", line 15, in 
test_file
    print(summary)
  File "C:\Users\dell_\AppData\Local\Programs\Pyth
on\Python312\Lib\encodings\cp1252.py", line 19, 
in encode
    return codecs.charmap_encode(input,self.errors
,encoding_table)[0]
           ^^^^^^^^^^^^^^^^^^^^^^^^^^^^^^^^^^^^^^^
^^^^^^^^^^^^^^^^
UnicodeEncodeError: 'charmap' codec can't encode 
character '\U0001f310' in position 0: character 
maps to <undefined>
